[screenstart.net/whiteoutsurvivalmod/index.html]
[backblue.gif]
[fade.gif]
[index.html]
[screenstart.net/whiteoutsurvivalmod/assets/img/favicon.ico]
[cdn.linearicons.com/free/1.0.0/icon-font.min.css]
[cdnjs.cloudflare.com/ajax/libs/font-awesome/5.8.0/css/all.min.css]
[use.typekit.net/jcs8opc.css]
[d26h1wdc757l2w.cloudfront.net/201433a.js]
[screenstart.net/whiteoutsurvivalmod/assets/img/unnamed121221.png]
[screenstart.net/whiteoutsurvivalmod/assets/img/maxresdefaultsdsd.jpg]
[ajax.googleapis.com/ajax/libs/jquery/2.1.4/jquery.min.js]
[screenstart.net/whiteoutsurvivalmod/assets/js/jquery.countTo.js]
[screenstart.net/whiteoutsurvivalmod/assets/js/venobox.min.js]
[screenstart.net/whiteoutsurvivalmod/assets/js/ion.sound.min.js]
[screenstart.net/whiteoutsurvivalmod/assets/js/particles.min.js]
[screenstart.net/whiteoutsurvivalmod/assets/js/drc.js]
[screenstart.net/whiteoutsurvivalmod/assets/js/main.js]
[screenstart.net/whiteoutsurvivalmod/index.html]
[cdn.linearicons.com/free/1.0.0/icon-font.min.css]
[cdnjs.cloudflare.com/ajax/libs/font-awesome/5.8.0/css/all.min.css]
[cdn.linearicons.com/free/1.0.0/Linearicons-Free.eot]
[use.typekit.net/af/88297f/00000000000000007735cbe9/30/le196]
[use.typekit.net/af/88297f/00000000000000007735cbe9/30/de196]
[use.typekit.net/jcs8opc.css]
[screenstart.net/whiteoutsurvivalmod/assets/css/bootstrap.min.css]
[screenstart.net/whiteoutsurvivalmod/assets/css/animate.min.css]
[screenstart.net/whiteoutsurvivalmod/assets/css/venobox.min.css]
[screenstart.net/whiteoutsurvivalmod/assets/css/style.css]
[screenstart.net/whiteoutsurvivalmod/assets/css/a-c-c3.css]
[use.typekit.net/af/88297f/00000000000000007735cbe9/30/ae196]
[p.typekit.net/p025c.css]
